// Jest Snapshot v1, https://goo.gl/fbAQLP

exports[`renders correctly 1`] = `
<div>
  <nav
    className="sc-gsTEea eVUrAJ navbar"
  >
    <a
      className="sc-dlfnuX habHiA"
      href="/"
      onClick={[Function]}
    >
       &lt; Home
    </a>
    <span
      className="sc-bdfBQB gqyrhZ"
    >
      COVID Analitycs Data
    </span>
    <span>
      <i
        className="bi bi-mic-fill h4 me-3"
      />
      <i
        className="bi bi-gear-fill h4"
      />
    </span>
  </nav>
  <div
    className="container-fluid text-center"
  >
    <h1
      className="sc-eCstlR bOazAA"
    >
      Antigua and Barbuda
    </h1>
    <p
      className="sc-hKgJUU gFGBjw"
    >
      Total deaths:
       
      48
    </p>
    <p
      className="sc-hKgJUU gFGBjw"
    >
      Today new deaths:
       
      0
    </p>
    <p
      className="sc-hKgJUU gFGBjw"
    >
      Today new confirmed cases:
       
      0
    </p>
    <p
      className="sc-hKgJUU gFGBjw"
    >
      Total recovered:
       
      1239
    </p>
    <p
      className="sc-hKgJUU gFGBjw"
    >
      Today new recovered:
       
      0
    </p>
    <p
      className="sc-hKgJUU gFGBjw"
    >
      Source of information:
       
      John Hopkins University
    </p>
  </div>
</div>
`;
